// Jest Snapshot v1, https://goo.gl/fbAQLP

exports[`renders correctly 1`] = `
<View
  style={
    Object {
      "alignItems": "center",
      "backgroundColor": "#eeeeee",
      "borderRadius": 4,
      "borderWidth": 1,
      "flex": 1,
      "justifyContent": "center",
      "marginTop": 20,
      "maxHeight": 80,
      "padding": 20,
      "width": "85%",
    }
  }
>
  <Text
    accessible={true}
    allowFontScaling={true}
    ellipsizeMode="tail"
    style={
      Object {
        "fontSize": 16,
        "marginBottom": 12,
        "textAlign": "center",
      }
    }
  >
    Steps today: 
    0
  </Text>
  <Text
    accessible={true}
    allowFontScaling={true}
    ellipsizeMode="tail"
    style={
      Object {
        "fontSize": 16,
        "textAlign": "center",
      }
    }
  >
    StepGoal: 
  </Text>
  <Text
    accessible={true}
    allowFontScaling={true}
    ellipsizeMode="tail"
    style={
      Object {
        "fontSize": 16,
        "textAlign": "center",
      }
    }
  >
    You have reached todays goal!
  </Text>
</View>
`;
